Archive member included to satisfy reference by file (symbol)

/opt/st/stm32cubeide_1.9.0/plugins/com.st.stm32cube.ide.mcu.externaltools.gnu-tools-for-stm32.10.3-2021.10.linux64_1.0.0.202111181127/tools/bin/../lib/gcc/arm-none-eabi/10.3.1/../../../../arm-none-eabi/lib/thumb/v7e-m+fp/hard/libc_nano.a(lib_a-errno.o)
                              ./Core/Src/syscalls.o (__errno)
/opt/st/stm32cubeide_1.9.0/plugins/com.st.stm32cube.ide.mcu.externaltools.gnu-tools-for-stm32.10.3-2021.10.linux64_1.0.0.202111181127/tools/bin/../lib/gcc/arm-none-eabi/10.3.1/../../../../arm-none-eabi/lib/thumb/v7e-m+fp/hard/libc_nano.a(lib_a-exit.o)
                              /opt/st/stm32cubeide_1.9.0/plugins/com.st.stm32cube.ide.mcu.externaltools.gnu-tools-for-stm32.10.3-2021.10.linux64_1.0.0.202111181127/tools/bin/../lib/gcc/arm-none-eabi/10.3.1/../../../../arm-none-eabi/lib/thumb/v7e-m+fp/hard/crt0.o (exit)
/opt/st/stm32cubeide_1.9.0/plugins/com.st.stm32cube.ide.mcu.externaltools.gnu-tools-for-stm32.10.3-2021.10.linux64_1.0.0.202111181127/tools/bin/../lib/gcc/arm-none-eabi/10.3.1/../../../../arm-none-eabi/lib/thumb/v7e-m+fp/hard/libc_nano.a(lib_a-impure.o)
                              /opt/st/stm32cubeide_1.9.0/plugins/com.st.stm32cube.ide.mcu.externaltools.gnu-tools-for-stm32.10.3-2021.10.linux64_1.0.0.202111181127/tools/bin/../lib/gcc/arm-none-eabi/10.3.1/../../../../arm-none-eabi/lib/thumb/v7e-m+fp/hard/libc_nano.a(lib_a-exit.o) (_global_impure_ptr)
/opt/st/stm32cubeide_1.9.0/plugins/com.st.stm32cube.ide.mcu.externaltools.gnu-tools-for-stm32.10.3-2021.10.linux64_1.0.0.202111181127/tools/bin/../lib/gcc/arm-none-eabi/10.3.1/../../../../arm-none-eabi/lib/thumb/v7e-m+fp/hard/libc_nano.a(lib_a-init.o)
                              /opt/st/stm32cubeide_1.9.0/plugins/com.st.stm32cube.ide.mcu.externaltools.gnu-tools-for-stm32.10.3-2021.10.linux64_1.0.0.202111181127/tools/bin/../lib/gcc/arm-none-eabi/10.3.1/../../../../arm-none-eabi/lib/thumb/v7e-m+fp/hard/crt0.o (__libc_init_array)
/opt/st/stm32cubeide_1.9.0/plugins/com.st.stm32cube.ide.mcu.externaltools.gnu-tools-for-stm32.10.3-2021.10.linux64_1.0.0.202111181127/tools/bin/../lib/gcc/arm-none-eabi/10.3.1/../../../../arm-none-eabi/lib/thumb/v7e-m+fp/hard/libc_nano.a(lib_a-memset.o)
                              /opt/st/stm32cubeide_1.9.0/plugins/com.st.stm32cube.ide.mcu.externaltools.gnu-tools-for-stm32.10.3-2021.10.linux64_1.0.0.202111181127/tools/bin/../lib/gcc/arm-none-eabi/10.3.1/../../../../arm-none-eabi/lib/thumb/v7e-m+fp/hard/crt0.o (memset)

Discarded input sections

 .text          0x0000000000000000        0x0 /opt/st/stm32cubeide_1.9.0/plugins/com.st.stm32cube.ide.mcu.externaltools.gnu-tools-for-stm32.10.3-2021.10.linux64_1.0.0.202111181127/tools/bin/../lib/gcc/arm-none-eabi/10.3.1/thumb/v7e-m+fp/hard/crti.o
 .data          0x0000000000000000        0x0 /opt/st/stm32cubeide_1.9.0/plugins/com.st.stm32cube.ide.mcu.externaltools.gnu-tools-for-stm32.10.3-2021.10.linux64_1.0.0.202111181127/tools/bin/../lib/gcc/arm-none-eabi/10.3.1/thumb/v7e-m+fp/hard/crti.o
 .bss           0x0000000000000000        0x0 /opt/st/stm32cubeide_1.9.0/plugins/com.st.stm32cube.ide.mcu.externaltools.gnu-tools-for-stm32.10.3-2021.10.linux64_1.0.0.202111181127/tools/bin/../lib/gcc/arm-none-eabi/10.3.1/thumb/v7e-m+fp/hard/crti.o
 .data          0x0000000000000000        0x4 /opt/st/stm32cubeide_1.9.0/plugins/com.st.stm32cube.ide.mcu.externaltools.gnu-tools-for-stm32.10.3-2021.10.linux64_1.0.0.202111181127/tools/bin/../lib/gcc/arm-none-eabi/10.3.1/thumb/v7e-m+fp/hard/crtbegin.o
 .rodata        0x0000000000000000       0x24 /opt/st/stm32cubeide_1.9.0/plugins/com.st.stm32cube.ide.mcu.externaltools.gnu-tools-for-stm32.10.3-2021.10.linux64_1.0.0.202111181127/tools/bin/../lib/gcc/arm-none-eabi/10.3.1/thumb/v7e-m+fp/hard/crtbegin.o
 .text          0x0000000000000000       0x7c /opt/st/stm32cubeide_1.9.0/plugins/com.st.stm32cube.ide.mcu.externaltools.gnu-tools-for-stm32.10.3-2021.10.linux64_1.0.0.202111181127/tools/bin/../lib/gcc/arm-none-eabi/10.3.1/../../../../arm-none-eabi/lib/thumb/v7e-m+fp/hard/crt0.o
 .data          0x0000000000000000        0x0 /opt/st/stm32cubeide_1.9.0/plugins/com.st.stm32cube.ide.mcu.externaltools.gnu-tools-for-stm32.10.3-2021.10.linux64_1.0.0.202111181127/tools/bin/../lib/gcc/arm-none-eabi/10.3.1/../../../../arm-none-eabi/lib/thumb/v7e-m+fp/hard/crt0.o
 .bss           0x0000000000000000        0x0 /opt/st/stm32cubeide_1.9.0/plugins/com.st.stm32cube.ide.mcu.externaltools.gnu-tools-for-stm32.10.3-2021.10.linux64_1.0.0.202111181127/tools/bin/../lib/gcc/arm-none-eabi/10.3.1/../../../../arm-none-eabi/lib/thumb/v7e-m+fp/hard/crt0.o
 .ARM.extab     0x0000000000000000        0x0 /opt/st/stm32cubeide_1.9.0/plugins/com.st.stm32cube.ide.mcu.externaltools.gnu-tools-for-stm32.10.3-2021.10.linux64_1.0.0.202111181127/tools/bin/../lib/gcc/arm-none-eabi/10.3.1/../../../../arm-none-eabi/lib/thumb/v7e-m+fp/hard/crt0.o
[...]
Memory Configuration

Name             Origin             Length             Attributes
CCMRAM           0x0000000010000000 0x0000000000004000 xrw
RAM              0x0000000020000000 0x0000000000010000 xrw
FLASH            0x0000000008000000 0x0000000000080000 xr
*default*        0x0000000000000000 0xffffffffffffffff

Linker script and memory map

LOAD /opt/st/stm32cubeide_1.9.0/plugins/com.st.stm32cube.ide.mcu.externaltools.gnu-tools-for-stm32.10.3-2021.10.linux64_1.0.0.202111181127/tools/bin/../lib/gcc/arm-none-eabi/10.3.1/thumb/v7e-m+fp/hard/crti.o
LOAD /opt/st/stm32cubeide_1.9.0/plugins/com.st.stm32cube.ide.mcu.externaltools.gnu-tools-for-stm32.10.3-2021.10.linux64_1.0.0.202111181127/tools/bin/../lib/gcc/arm-none-eabi/10.3.1/thumb/v7e-m+fp/hard/crtbegin.o
LOAD /opt/st/stm32cubeide_1.9.0/plugins/com.st.stm32cube.ide.mcu.externaltools.gnu-tools-for-stm32.10.3-2021.10.linux64_1.0.0.202111181127/tools/bin/../lib/gcc/arm-none-eabi/10.3.1/../../../../arm-none-eabi/lib/thumb/v7e-m+fp/hard/crt0.o
LOAD ./Core/Src/main.o
LOAD ./Core/Src/stm32f3xx_hal_msp.o
LOAD ./Core/Src/stm32f3xx_it.o
LOAD ./Core/Src/syscalls.o
LOAD ./Core/Src/sysmem.o
LOAD ./Core/Src/system_stm32f3xx.o
LOAD ./Core/Startup/startup_stm32f303retx.o
LOAD ./Drivers/STM32F3xx_HAL_Driver/Src/stm32f3xx_hal.o
LOAD ./Drivers/STM32F3xx_HAL_Driver/Src/stm32f3xx_hal_cortex.o
LOAD ./Drivers/STM32F3xx_HAL_Driver/Src/stm32f3xx_hal_dma.o
LOAD ./Drivers/STM32F3xx_HAL_Driver/Src/stm32f3xx_hal_exti.o
LOAD ./Drivers/STM32F3xx_HAL_Driver/Src/stm32f3xx_hal_flash.o
LOAD ./Drivers/STM32F3xx_HAL_Driver/Src/stm32f3xx_hal_flash_ex.o
LOAD ./Drivers/STM32F3xx_HAL_Driver/Src/stm32f3xx_hal_gpio.o
LOAD ./Drivers/STM32F3xx_HAL_Driver/Src/stm32f3xx_hal_i2c.o
LOAD ./Drivers/STM32F3xx_HAL_Driver/Src/stm32f3xx_hal_i2c_ex.o
LOAD ./Drivers/STM32F3xx_HAL_Driver/Src/stm32f3xx_hal_pwr.o
LOAD ./Drivers/STM32F3xx_HAL_Driver/Src/stm32f3xx_hal_pwr_ex.o
LOAD ./Drivers/STM32F3xx_HAL_Driver/Src/stm32f3xx_hal_rcc.o
LOAD ./Drivers/STM32F3xx_HAL_Driver/Src/stm32f3xx_hal_rcc_ex.o
LOAD ./Drivers/STM32F3xx_HAL_Driver/Src/stm32f3xx_hal_spi.o
LOAD ./Drivers/STM32F3xx_HAL_Driver/Src/stm32f3xx_hal_spi_ex.o
LOAD ./Drivers/STM32F3xx_HAL_Driver/Src/stm32f3xx_hal_tim.o
LOAD ./Drivers/STM32F3xx_HAL_Driver/Src/stm32f3xx_hal_tim_ex.o
LOAD ./Drivers/STM32F3xx_HAL_Driver/Src/stm32f3xx_hal_uart.o
LOAD ./Drivers/STM32F3xx_HAL_Driver/Src/stm32f3xx_hal_uart_ex.o
LOAD ./FATFS/App/fatfs.o
LOAD ./FATFS/Target/user_diskio.o
LOAD ./FATFS/Target/user_diskio_spi.o
LOAD ./Middlewares/Third_Party/FatFs/src/diskio.o
LOAD ./Middlewares/Third_Party/FatFs/src/ff.o
LOAD ./Middlewares/Third_Party/FatFs/src/ff_gen_drv.o
LOAD ./Middlewares/Third_Party/FatFs/src/option/syscall.o
START GROUP
LOAD /opt/st/stm32cubeide_1.9.0/plugins/com.st.stm32cube.ide.mcu.externaltools.gnu-tools-for-stm32.10.3-2021.10.linux64_1.0.0.202111181127/tools/bin/../lib/gcc/arm-none-eabi/10.3.1/../../../../arm-none-eabi/lib/thumb/v7e-m+fp/hard/libc_nano.a
LOAD /opt/st/stm32cubeide_1.9.0/plugins/com.st.stm32cube.ide.mcu.externaltools.gnu-tools-for-stm32.10.3-2021.10.linux64_1.0.0.202111181127/tools/bin/../lib/gcc/arm-none-eabi/10.3.1/../../../../arm-none-eabi/lib/thumb/v7e-m+fp/hard/libm.a
END GROUP
START GROUP
LOAD /opt/st/stm32cubeide_1.9.0/plugins/com.st.stm32cube.ide.mcu.externaltools.gnu-tools-for-stm32.10.3-2021.10.linux64_1.0.0.202111181127/tools/bin/../lib/gcc/arm-none-eabi/10.3.1/thumb/v7e-m+fp/hard/libgcc.a
LOAD /opt/st/stm32cubeide_1.9.0/plugins/com.st.stm32cube.ide.mcu.externaltools.gnu-tools-for-stm32.10.3-2021.10.linux64_1.0.0.202111181127/tools/bin/../lib/gcc/arm-none-eabi/10.3.1/../../../../arm-none-eabi/lib/thumb/v7e-m+fp/hard/libc_nano.a
END GROUP
START GROUP
LOAD /opt/st/stm32cubeide_1.9.0/plugins/com.st.stm32cube.ide.mcu.externaltools.gnu-tools-for-stm32.10.3-2021.10.linux64_1.0.0.202111181127/tools/bin/../lib/gcc/arm-none-eabi/10.3.1/thumb/v7e-m+fp/hard/libgcc.a
LOAD /opt/st/stm32cubeide_1.9.0/plugins/com.st.stm32cube.ide.mcu.externaltools.gnu-tools-for-stm32.10.3-2021.10.linux64_1.0.0.202111181127/tools/bin/../lib/gcc/arm-none-eabi/10.3.1/../../../../arm-none-eabi/lib/thumb/v7e-m+fp/hard/libc_nano.a
LOAD /opt/st/stm32cubeide_1.9.0/plugins/com.st.stm32cube.ide.mcu.externaltools.gnu-tools-for-stm32.10.3-2021.10.linux64_1.0.0.202111181127/tools/bin/../lib/gcc/arm-none-eabi/10.3.1/../../../../arm-none-eabi/lib/thumb/v7e-m+fp/hard/libnosys.a
END GROUP
START GROUP
LOAD /opt/st/stm32cubeide_1.9.0/plugins/com.st.stm32cube.ide.mcu.externaltools.gnu-tools-for-stm32.10.3-2021.10.linux64_1.0.0.202111181127/tools/bin/../lib/gcc/arm-none-eabi/10.3.1/thumb/v7e-m+fp/hard/libgcc.a
LOAD /opt/st/stm32cubeide_1.9.0/plugins/com.st.stm32cube.ide.mcu.externaltools.gnu-tools-for-stm32.10.3-2021.10.linux64_1.0.0.202111181127/tools/bin/../lib/gcc/arm-none-eabi/10.3.1/../../../../arm-none-eabi/lib/thumb/v7e-m+fp/hard/libc_nano.a
LOAD /opt/st/stm32cubeide_1.9.0/plugins/com.st.stm32cube.ide.mcu.externaltools.gnu-tools-for-stm32.10.3-2021.10.linux64_1.0.0.202111181127/tools/bin/../lib/gcc/arm-none-eabi/10.3.1/../../../../arm-none-eabi/lib/thumb/v7e-m+fp/hard/libnosys.a
END GROUP
LOAD /opt/st/stm32cubeide_1.9.0/plugins/com.st.stm32cube.ide.mcu.externaltools.gnu-tools-for-stm32.10.3-2021.10.linux64_1.0.0.202111181127/tools/bin/../lib/gcc/arm-none-eabi/10.3.1/thumb/v7e-m+fp/hard/crtend.o
LOAD /opt/st/stm32cubeide_1.9.0/plugins/com.st.stm32cube.ide.mcu.externaltools.gnu-tools-for-stm32.10.3-2021.10.linux64_1.0.0.202111181127/tools/bin/../lib/gcc/arm-none-eabi/10.3.1/thumb/v7e-m+fp/hard/crtn.o
                0x0000000020010000                _estack = (ORIGIN (RAM) + LENGTH (RAM))
                0x0000000000000200                _Min_Heap_Size = 0x200
                0x0000000000000400                _Min_Stack_Size = 0x400

.isr_vector     0x0000000008000000      0x194
                0x0000000008000000                . = ALIGN (0x4)
 *(.isr_vector)
 .isr_vector    0x0000000008000000      0x194 ./Core/Startup/startup_stm32f303retx.o
                0x0000000008000000                g_pfnVectors
                0x0000000008000194                . = ALIGN (0x4)

.text           0x0000000008000194     0x6bc4
                0x0000000008000194                . = ALIGN (0x4)
 *(.text)
 .text          0x0000000008000194       0x40 /opt/st/stm32cubeide_1.9.0/plugins/com.st.stm32cube.ide.mcu.externaltools.gnu-tools-for-stm32.10.3-2021.10.linux64_1.0.0.202111181127/tools/bin/../lib/gcc/arm-none-eabi/10.3.1/thumb/v7e-m+fp/hard/crtbegin.o
 *(.text*)
 .text.main     0x00000000080001d4      0x190 ./Core/Src/main.o
                0x00000000080001d4                main
 .text.LoRa_Protocol
                0x0000000008000364       0x24 ./Core/Src/main.o
                0x0000000008000364                LoRa_Protocol
 .text.SystemClock_Config
                0x0000000008000388       0xc0 ./Core/Src/main.o
                0x0000000008000388                SystemClock_Config
 .text.MX_SPI2_Init
                0x0000000008000448       0x7c ./Core/Src/main.o
 .text.MX_USART2_UART_Init
                0x00000000080004c4       0x60 ./Core/Src/main.o
 .text.MX_USART3_UART_Init
                0x0000000008000524       0x60 ./Core/Src/main.o
 .text.MX_GPIO_Init
                0x0000000008000584       0xf8 ./Core/Src/main.o
 .text.Error_Handler
                0x000000000800067c        0xa ./Core/Src/main.o
                0x000000000800067c                Error_Handler
 *fill*         0x0000000008000686        0x2 
 .text.HAL_MspInit
                0x0000000008000688       0x48 ./Core/Src/stm32f3xx_hal_msp.o
                0x0000000008000688                HAL_MspInit
 .text.HAL_SPI_MspInit
                0x00000000080006d0       0x88 ./Core/Src/stm32f3xx_hal_msp.o
                0x00000000080006d0                HAL_SPI_MspInit
 .text.HAL_UART_MspInit
                0x0000000008000758       0xec ./Core/Src/stm32f3xx_hal_msp.o
                0x0000000008000758                HAL_UART_MspInit
 .text.NMI_Handler
                0x0000000008000844        0x6 ./Core/Src/stm32f3xx_it.o
                0x0000000008000844                NMI_Handler
 .text.HardFault_Handler
                0x000000000800084a        0x6 ./Core/Src/stm32f3xx_it.o
                0x000000000800084a                HardFault_Handler
 .text.MemManage_Handler
                0x0000000008000850        0x6 ./Core/Src/stm32f3xx_it.o
                0x0000000008000850                MemManage_Handler
 .text.BusFault_Handler
                0x0000000008000856        0x6 ./Core/Src/stm32f3xx_it.o
                0x0000000008000856                BusFault_Handler
 .text.UsageFault_Handler
                0x000000000800085c        0x6 ./Core/Src/stm32f3xx_it.o
                0x000000000800085c                UsageFault_Handler
 .text.SVC_Handler
                0x0000000008000862        0xe ./Core/Src/stm32f3xx_it.o
                0x0000000008000862                SVC_Handler
 .text.DebugMon_Handler
                0x0000000008000870        0xe ./Core/Src/stm32f3xx_it.o
                0x0000000008000870                DebugMon_Handler
 .text.PendSV_Handler
                0x000000000800087e        0xe ./Core/Src/stm32f3xx_it.o
                0x000000000800087e                PendSV_Handler
 .text.SysTick_Handler
                0x000000000800088c        0xc ./Core/Src/stm32f3xx_it.o
                0x000000000800088c                SysTick_Handler
 .text.SystemInit
                0x0000000008000898       0x24 ./Core/Src/system_stm32f3xx.o
                0x0000000008000898                SystemInit
 .text.Reset_Handler
                0x00000000080008bc       0x50 ./Core/Startup/startup_stm32f303retx.o
                0x00000000080008bc                Reset_Handler
 .text.Default_Handler
                0x000000000800090c        0x2 ./Core/Startup/startup_stm32f303retx.o
                0x000000000800090c                RTC_Alarm_IRQHandler
                0x000000000800090c                TIM8_TRG_COM_IRQHandler
                0x000000000800090c                TIM8_CC_IRQHandler
                0x000000000800090c                SPI4_IRQHandler
                0x000000000800090c                TIM1_CC_IRQHandler
                0x000000000800090c                USB_HP_IRQHandler
                0x000000000800090c                PVD_IRQHandler
                0x000000000800090c                TAMP_STAMP_IRQHandler
                0x000000000800090c                EXTI3_IRQHandler
                0x000000000800090c                I2C3_ER_IRQHandler
                0x000000000800090c                USB_HP_CAN_TX_IRQHandler
                0x000000000800090c                EXTI0_IRQHandler
                0x000000000800090c                I2C2_EV_IRQHandler
                0x000000000800090c                FPU_IRQHandler
                0x000000000800090c                TIM1_UP_TIM16_IRQHandler
                0x000000000800090c                ADC1_2_IRQHandler
                0x000000000800090c                SPI1_IRQHandler
                0x000000000800090c                CAN_SCE_IRQHandler
                0x000000000800090c                TIM6_DAC_IRQHandler
                0x000000000800090c                TIM8_UP_IRQHandler
                0x000000000800090c                DMA2_Channel2_IRQHandler
                0x000000000800090c                DMA1_Channel4_IRQHandler
                0x000000000800090c                TIM20_TRG_COM_IRQHandler
                0x000000000800090c                USART3_IRQHandler
                0x000000000800090c                DMA1_Channel7_IRQHandler
                0x000000000800090c                UART5_IRQHandler
                0x000000000800090c                ADC3_IRQHandler
                0x000000000800090c                TIM4_IRQHandler
                0x000000000800090c                CAN_RX1_IRQHandler
                0x000000000800090c                DMA2_Channel1_IRQHandler
                0x000000000800090c                I2C1_EV_IRQHandler
                0x000000000800090c                DMA1_Channel6_IRQHandler
                0x000000000800090c                UART4_IRQHandler
                0x000000000800090c                DMA2_Channel4_IRQHandler
                0x000000000800090c                TIM3_IRQHandler
                0x000000000800090c                RCC_IRQHandler
                0x000000000800090c                TIM20_UP_IRQHandler
                0x000000000800090c                DMA1_Channel1_IRQHandler
                0x000000000800090c                Default_Handler
                0x000000000800090c                USBWakeUp_RMP_IRQHandler
                0x000000000800090c                EXTI15_10_IRQHandler
                0x000000000800090c                TIM7_IRQHandler
                0x000000000800090c                I2C3_EV_IRQHandler
                0x000000000800090c                EXTI9_5_IRQHandler
                0x000000000800090c                RTC_WKUP_IRQHandler
                0x000000000800090c                SPI2_IRQHandler
                0x000000000800090c                USB_LP_CAN_RX0_IRQHandler
                0x000000000800090c                DMA2_Channel5_IRQHandler
                0x000000000800090c                DMA1_Channel5_IRQHandler
                0x000000000800090c                USB_LP_IRQHandler
                0x000000000800090c                EXTI4_IRQHandler
                0x000000000800090c                TIM1_TRG_COM_TIM17_IRQHandler
                0x000000000800090c                DMA1_Channel3_IRQHandler
                0x000000000800090c                ADC4_IRQHandler
                0x000000000800090c                WWDG_IRQHandler
                0x000000000800090c                TIM2_IRQHandler
                0x000000000800090c                COMP7_IRQHandler
                0x000000000800090c                COMP1_2_3_IRQHandler
                0x000000000800090c                EXTI1_IRQHandler
                0x000000000800090c                USART2_IRQHandler
                0x000000000800090c                COMP4_5_6_IRQHandler
                0x000000000800090c                TIM20_BRK_IRQHandler
                0x000000000800090c                I2C2_ER_IRQHandler
                0x000000000800090c                DMA1_Channel2_IRQHandler
                0x000000000800090c                TIM8_BRK_IRQHandler
                0x000000000800090c                FLASH_IRQHandler
                0x000000000800090c                TIM20_CC_IRQHandler
                0x000000000800090c                USART1_IRQHandler
                0x000000000800090c                SPI3_IRQHandler
                0x000000000800090c                I2C1_ER_IRQHandler
                0x000000000800090c                FMC_IRQHandler
                0x000000000800090c                USBWakeUp_IRQHandler
                0x000000000800090c                DMA2_Channel3_IRQHandler
                0x000000000800090c                EXTI2_TSC_IRQHandler
                0x000000000800090c                TIM1_BRK_TIM15_IRQHandler
 *fill*         0x000000000800090e        0x2 
 .text.HAL_Init
                0x0000000008000910       0x2c ./Drivers/STM32F3xx_HAL_Driver/Src/stm32f3xx_hal.o
                0x0000000008000910                HAL_Init
 .text.HAL_InitTick
                0x000000000800093c       0x60 ./Drivers/STM32F3xx_HAL_Driver/Src/stm32f3xx_hal.o
                0x000000000800093c                HAL_InitTick
 .text.HAL_IncTick
                0x000000000800099c       0x28 ./Drivers/STM32F3xx_HAL_Driver/Src/stm32f3xx_hal.o
                0x000000000800099c                HAL_IncTick
 .text.HAL_GetTick
                0x00000000080009c4       0x18 ./Drivers/STM32F3xx_HAL_Driver/Src/stm32f3xx_hal.o
                0x00000000080009c4                HAL_GetTick
 .text.HAL_Delay
                0x00000000080009dc       0x48 ./Drivers/STM32F3xx_HAL_Driver/Src/stm32f3xx_hal.o
                0x00000000080009dc                HAL_Delay
 .text.__NVIC_SetPriorityGrouping
                0x0000000008000a24       0x48 ./Drivers/STM32F3xx_HAL_Driver/Src/stm32f3xx_hal_cortex.o
 .text.__NVIC_GetPriorityGrouping
                0x0000000008000a6c       0x1c ./Drivers/STM32F3xx_HAL_Driver/Src/stm32f3xx_hal_cortex.o
 .text.__NVIC_SetPriority
                0x0000000008000a88       0x54 ./Drivers/STM32F3xx_HAL_Driver/Src/stm32f3xx_hal_cortex.o
 .text.NVIC_EncodePriority
                0x0000000008000adc       0x66 ./Drivers/STM32F3xx_HAL_Driver/Src/stm32f3xx_hal_cortex.o
 *fill*         0x0000000008000b42        0x2 
 .text.SysTick_Config
                0x0000000008000b44       0x44 ./Drivers/STM32F3xx_HAL_Driver/Src/stm32f3xx_hal_cortex.o
 .text.HAL_NVIC_SetPriorityGrouping
                0x0000000008000b88       0x16 ./Drivers/STM32F3xx_HAL_Driver/Src/stm32f3xx_hal_cortex.o
                0x0000000008000b88                HAL_NVIC_SetPriorityGrouping
 .text.HAL_NVIC_SetPriority
                0x0000000008000b9e       0x38 ./Drivers/STM32F3xx_HAL_Driver/Src/stm32f3xx_hal_cortex.o
                0x0000000008000b9e                HAL_NVIC_SetPriority
 .text.HAL_SYSTICK_Config
                0x0000000008000bd6       0x18 ./Drivers/STM32F3xx_HAL_Driver/Src/stm32f3xx_hal_cortex.o
                0x0000000008000bd6                HAL_SYSTICK_Config
 *fill*         0x0000000008000bee        0x2 
 .text.HAL_GPIO_Init
                0x0000000008000bf0      0x314 ./Drivers/STM32F3xx_HAL_Driver/Src/stm32f3xx_hal_gpio.o
                0x0000000008000bf0                HAL_GPIO_Init
 .text.HAL_GPIO_WritePin
                0x0000000008000f04       0x30 ./Drivers/STM32F3xx_HAL_Driver/Src/stm32f3xx_hal_gpio.o
                0x0000000008000f04                HAL_GPIO_WritePin
 .text.HAL_GPIO_TogglePin
                0x0000000008000f34       0x34 ./Drivers/STM32F3xx_HAL_Driver/Src/stm32f3xx_hal_gpio.o
                0x0000000008000f34                HAL_GPIO_TogglePin
 .text.HAL_RCC_OscConfig
                0x0000000008000f68     0x10a8 ./Drivers/STM32F3xx_HAL_Driver/Src/stm32f3xx_hal_rcc.o
                0x0000000008000f68                HAL_RCC_OscConfig
 .text.HAL_RCC_ClockConfig
                0x0000000008002010      0x2f8 ./Drivers/STM32F3xx_HAL_Driver/Src/stm32f3xx_hal_rcc.o
                0x0000000008002010                HAL_RCC_ClockConfig
 .text.HAL_RCC_GetSysClockFreq
                0x0000000008002308       0xd4 ./Drivers/STM32F3xx_HAL_Driver/Src/stm32f3xx_hal_rcc.o
                0x0000000008002308                HAL_RCC_GetSysClockFreq
 .text.HAL_RCC_GetHCLKFreq
                0x00000000080023dc       0x18 ./Drivers/STM32F3xx_HAL_Driver/Src/stm32f3xx_hal_rcc.o
                0x00000000080023dc                HAL_RCC_GetHCLKFreq
 .text.HAL_RCC_GetPCLK1Freq
                0x00000000080023f4       0x44 ./Drivers/STM32F3xx_HAL_Driver/Src/stm32f3xx_hal_rcc.o
                0x00000000080023f4                HAL_RCC_GetPCLK1Freq
 .text.HAL_RCC_GetPCLK2Freq
                0x0000000008002438       0x44 ./Drivers/STM32F3xx_HAL_Driver/Src/stm32f3xx_hal_rcc.o
                0x0000000008002438                HAL_RCC_GetPCLK2Freq
 .text.HAL_RCCEx_PeriphCLKConfig
                0x000000000800247c      0x43c ./Drivers/STM32F3xx_HAL_Driver/Src/stm32f3xx_hal_rcc_ex.o
                0x000000000800247c                HAL_RCCEx_PeriphCLKConfig
 .text.HAL_SPI_Init
                0x00000000080028b8      0x156 ./Drivers/STM32F3xx_HAL_Driver/Src/stm32f3xx_hal_spi.o
                0x00000000080028b8                HAL_SPI_Init
 .text.HAL_SPI_TransmitReceive
                0x0000000008002a0e      0x426 ./Drivers/STM32F3xx_HAL_Driver/Src/stm32f3xx_hal_spi.o
                0x0000000008002a0e                HAL_SPI_TransmitReceive
 .text.SPI_WaitFlagStateUntilTimeout
                0x0000000008002e34      0x110 ./Drivers/STM32F3xx_HAL_Driver/Src/stm32f3xx_hal_spi.o
 .text.SPI_WaitFifoStateUntilTimeout
                0x0000000008002f44      0x12c ./Drivers/STM32F3xx_HAL_Driver/Src/stm32f3xx_hal_spi.o
 .text.SPI_EndRxTxTransaction
                0x0000000008003070       0x8c ./Drivers/STM32F3xx_HAL_Driver/Src/stm32f3xx_hal_spi.o
 .text.HAL_UART_Init
                0x00000000080030fc       0x9c ./Drivers/STM32F3xx_HAL_Driver/Src/stm32f3xx_hal_uart.o
                0x00000000080030fc                HAL_UART_Init
 .text.HAL_UART_Transmit
                0x0000000008003198      0x128 ./Drivers/STM32F3xx_HAL_Driver/Src/stm32f3xx_hal_uart.o
                0x0000000008003198                HAL_UART_Transmit
 .text.UART_SetConfig
                0x00000000080032c0      0x3ac ./Drivers/STM32F3xx_HAL_Driver/Src/stm32f3xx_hal_uart.o
                0x00000000080032c0                UART_SetConfig
 .text.UART_AdvFeatureConfig
                0x000000000800366c      0x144 ./Drivers/STM32F3xx_HAL_Driver/Src/stm32f3xx_hal_uart.o
                0x000000000800366c                UART_AdvFeatureConfig
 .text.UART_CheckIdleState
                0x00000000080037b0       0x92 ./Drivers/STM32F3xx_HAL_Driver/Src/stm32f3xx_hal_uart.o
                0x00000000080037b0                UART_CheckIdleState
 .text.UART_WaitOnFlagUntilTimeout
                0x0000000008003842      0x188 ./Drivers/STM32F3xx_HAL_Driver/Src/stm32f3xx_hal_uart.o
                0x0000000008003842                UART_WaitOnFlagUntilTimeout
 *fill*         0x00000000080039ca        0x2 
 .text.MX_FATFS_Init
                0x00000000080039cc       0x24 ./FATFS/App/fatfs.o
                0x00000000080039cc                MX_FATFS_Init
 .text.get_fattime
                0x00000000080039f0       0x10 ./FATFS/App/fatfs.o
                0x00000000080039f0                get_fattime
 .text.USER_initialize
                0x0000000008003a00       0x1c ./FATFS/Target/user_diskio.o
                0x0000000008003a00                USER_initialize
 .text.USER_status
                0x0000000008003a1c       0x1c ./FATFS/Target/user_diskio.o
                0x0000000008003a1c                USER_status
 .text.USER_read
                0x0000000008003a38       0x26 ./FATFS/Target/user_diskio.o
                0x0000000008003a38                USER_read
 .text.USER_write
                0x0000000008003a5e       0x26 ./FATFS/Target/user_diskio.o
                0x0000000008003a5e                USER_write
 .text.USER_ioctl
                0x0000000008003a84       0x26 ./FATFS/Target/user_diskio.o
                0x0000000008003a84                USER_ioctl
 *fill*         0x0000000008003aaa        0x2 
 .text.SPI_Timer_On
                0x0000000008003aac       0x28 ./FATFS/Target/user_diskio_spi.o
                0x0000000008003aac                SPI_Timer_On
 .text.SPI_Timer_Status
                0x0000000008003ad4       0x2c ./FATFS/Target/user_diskio_spi.o
                0x0000000008003ad4                SPI_Timer_Status
 .text.xchg_spi
                0x0000000008003b00       0x2c ./FATFS/Target/user_diskio_spi.o
 .text.rcvr_spi_multi
                0x0000000008003b2c       0x38 ./FATFS/Target/user_diskio_spi.o
 .text.xmit_spi_multi
                0x0000000008003b64       0x36 ./FATFS/Target/user_diskio_spi.o
 .text.wait_ready
                0x0000000008003b9a       0x46 ./FATFS/Target/user_diskio_spi.o
 .text.despiselect
                0x0000000008003be0       0x1c ./FATFS/Target/user_diskio_spi.o
 .text.spiselect
                0x0000000008003bfc       0x34 ./FATFS/Target/user_diskio_spi.o
 .text.rcvr_datablock
                0x0000000008003c30       0x52 ./FATFS/Target/user_diskio_spi.o
 .text.xmit_datablock
                0x0000000008003c82       0x64 ./FATFS/Target/user_diskio_spi.o
 .text.send_cmd
                0x0000000008003ce6       0xde ./FATFS/Target/user_diskio_spi.o
 .text.USER_SPI_initialize
                0x0000000008003dc4      0x1d8 ./FATFS/Target/user_diskio_spi.o
                0x0000000008003dc4                USER_SPI_initialize
 .text.USER_SPI_status
                0x0000000008003f9c       0x2c ./FATFS/Target/user_diskio_spi.o
                0x0000000008003f9c                USER_SPI_status
 .text.USER_SPI_read
                0x0000000008003fc8       0xcc ./FATFS/Target/user_diskio_spi.o
                0x0000000008003fc8                USER_SPI_read
 .text.USER_SPI_write
                0x0000000008004094       0xf8 ./FATFS/Target/user_diskio_spi.o
                0x0000000008004094                USER_SPI_write
 .text.USER_SPI_ioctl
                0x000000000800418c      0x2e0 ./FATFS/Target/user_diskio_spi.o
                0x000000000800418c                USER_SPI_ioctl
 .text.disk_status
                0x000000000800446c       0x34 ./Middlewares/Third_Party/FatFs/src/diskio.o
                0x000000000800446c                disk_status
 .text.disk_initialize
                0x00000000080044a0       0x4c ./Middlewares/Third_Party/FatFs/src/diskio.o
                0x00000000080044a0                disk_initialize
 .text.disk_read
                0x00000000080044ec       0x40 ./Middlewares/Third_Party/FatFs/src/diskio.o
                0x00000000080044ec                disk_read
 .text.disk_write
                0x000000000800452c       0x40 ./Middlewares/Third_Party/FatFs/src/diskio.o
                0x000000000800452c                disk_write
 .text.disk_ioctl
                0x000000000800456c       0x3c ./Middlewares/Third_Party/FatFs/src/diskio.o
                0x000000000800456c                disk_ioctl
 .text.mem_cpy  0x00000000080045a8       0x3e ./Middlewares/Third_Party/FatFs/src/ff.o
 .text.mem_set  0x00000000080045e6       0x36 ./Middlewares/Third_Party/FatFs/src/ff.o
 .text.mem_cmp  0x000000000800461c       0x4e ./Middlewares/Third_Party/FatFs/src/ff.o
 .text.chk_chr  0x000000000800466a       0x36 ./Middlewares/Third_Party/FatFs/src/ff.o
 .text.chk_lock
                0x00000000080046a0       0xdc ./Middlewares/Third_Party/FatFs/src/ff.o
 .text.enq_lock
                0x000000000800477c       0x48 ./Middlewares/Third_Party/FatFs/src/ff.o
 .text.inc_lock
                0x00000000080047c4      0x170 ./Middlewares/Third_Party/FatFs/src/ff.o
 .text.dec_lock
                0x0000000008004934       0x88 ./Middlewares/Third_Party/FatFs/src/ff.o
 .text.clear_lock
                0x00000000080049bc       0x54 ./Middlewares/Third_Party/FatFs/src/ff.o
 .text.sync_window
                0x0000000008004a10       0x92 ./Middlewares/Third_Party/FatFs/src/ff.o
 .text.move_window
                0x0000000008004aa2       0x5c ./Middlewares/Third_Party/FatFs/src/ff.o
 .text.sync_fs  0x0000000008004afe      0x15a ./Middlewares/Third_Party/FatFs/src/ff.o
 .text.clust2sect
                0x0000000008004c58       0x44 ./Middlewares/Third_Party/FatFs/src/ff.o
                0x0000000008004c58                clust2sect
 .text.get_fat  0x0000000008004c9c      0x174 ./Middlewares/Third_Party/FatFs/src/ff.o
                0x0000000008004c9c                get_fat
 .text.put_fat  0x0000000008004e10      0x21c ./Middlewares/Third_Party/FatFs/src/ff.o
                0x0000000008004e10                put_fat
 .text.remove_chain
                0x000000000800502c       0xb4 ./Middlewares/Third_Party/FatFs/src/ff.o
 .text.create_chain
                0x00000000080050e0      0x13a ./Middlewares/Third_Party/FatFs/src/ff.o
 .text.clmt_clust
                0x000000000800521a       0x6a ./Middlewares/Third_Party/FatFs/src/ff.o
 .text.dir_sdi  0x0000000008005284      0x128 ./Middlewares/Third_Party/FatFs/src/ff.o
 .text.dir_next
                0x00000000080053ac      0x1ee ./Middlewares/Third_Party/FatFs/src/ff.o
 .text.dir_alloc
                0x000000000800559a       0x94 ./Middlewares/Third_Party/FatFs/src/ff.o
 .text.ld_clust
                0x000000000800562e       0x5c ./Middlewares/Third_Party/FatFs/src/ff.o
 .text.st_clust
                0x000000000800568a       0x4e ./Middlewares/Third_Party/FatFs/src/ff.o
 .text.dir_find
                0x00000000080056d8       0x9e ./Middlewares/Third_Party/FatFs/src/ff.o
 .text.dir_register
                0x0000000008005776       0x72 ./Middlewares/Third_Party/FatFs/src/ff.o
 .text.create_name
                0x00000000080057e8      0x180 ./Middlewares/Third_Party/FatFs/src/ff.o
 .text.follow_path
                0x0000000008005968       0xdc ./Middlewares/Third_Party/FatFs/src/ff.o
 .text.get_ldnumber
                0x0000000008005a44       0x88 ./Middlewares/Third_Party/FatFs/src/ff.o
 .text.check_fs
                0x0000000008005acc       0xd4 ./Middlewares/Third_Party/FatFs/src/ff.o
 .text.find_volume
                0x0000000008005ba0      0x590 ./Middlewares/Third_Party/FatFs/src/ff.o
 .text.validate
                0x0000000008006130       0x66 ./Middlewares/Third_Party/FatFs/src/ff.o
 *fill*         0x0000000008006196        0x2 
 .text.f_mount  0x0000000008006198       0x90 ./Middlewares/Third_Party/FatFs/src/ff.o
                0x0000000008006198                f_mount
 .text.f_open   0x0000000008006228      0x4f2 ./Middlewares/Third_Party/FatFs/src/ff.o
                0x0000000008006228                f_open
 .text.f_read   0x000000000800671a      0x2d6 ./Middlewares/Third_Party/FatFs/src/ff.o
                0x000000000800671a                f_read
 .text.f_sync   0x00000000080069f0      0x174 ./Middlewares/Third_Party/FatFs/src/ff.o
                0x00000000080069f0                f_sync
 .text.f_close  0x0000000008006b64       0x50 ./Middlewares/Third_Party/FatFs/src/ff.o
                0x0000000008006b64                f_close
 .text.f_gets   0x0000000008006bb4       0x7a ./Middlewares/Third_Party/FatFs/src/ff.o
                0x0000000008006bb4                f_gets
 *fill*         0x0000000008006c2e        0x2 
 .text.FATFS_LinkDriverEx
                0x0000000008006c30       0x98 ./Middlewares/Third_Party/FatFs/src/ff_gen_drv.o
                0x0000000008006c30                FATFS_LinkDriverEx
 .text.FATFS_LinkDriver
                0x0000000008006cc8       0x1e ./Middlewares/Third_Party/FatFs/src/ff_gen_drv.o
                0x0000000008006cc8                FATFS_LinkDriver
 *fill*         0x0000000008006ce6        0x2 
 .text.__libc_init_array
                0x0000000008006ce8       0x48 /opt/st/stm32cubeide_1.9.0/plugins/com.st.stm32cube.ide.mcu.externaltools.gnu-tools-for-stm32.10.3-2021.10.linux64_1.0.0.202111181127/tools/bin/../lib/gcc/arm-none-eabi/10.3.1/../../../../arm-none-eabi/lib/thumb/v7e-m+fp/hard/libc_nano.a(lib_a-init.o)
                0x0000000008006ce8                __libc_init_array
 .text.memset   0x0000000008006d30       0x10 /opt/st/stm32cubeide_1.9.0/plugins/com.st.stm32cube.ide.mcu.externaltools.gnu-tools-for-stm32.10.3-2021.10.linux64_1.0.0.202111181127/tools/bin/../lib/gcc/arm-none-eabi/10.3.1/../../../../arm-none-eabi/lib/thumb/v7e-m+fp/hard/libc_nano.a(lib_a-memset.o)
                0x0000000008006d30                memset
 *(.glue_7)
 .glue_7        0x0000000008006d40        0x0 linker stubs
 *(.glue_7t)
 .glue_7t       0x0000000008006d40        0x0 linker stubs
 *(.eh_frame)
 .eh_frame      0x0000000008006d40        0x0 /opt/st/stm32cubeide_1.9.0/plugins/com.st.stm32cube.ide.mcu.externaltools.gnu-tools-for-stm32.10.3-2021.10.linux64_1.0.0.202111181127/tools/bin/../lib/gcc/arm-none-eabi/10.3.1/thumb/v7e-m+fp/hard/crtbegin.o
 *(.init)
 .init          0x0000000008006d40        0x4 /opt/st/stm32cubeide_1.9.0/plugins/com.st.stm32cube.ide.mcu.externaltools.gnu-tools-for-stm32.10.3-2021.10.linux64_1.0.0.202111181127/tools/bin/../lib/gcc/arm-none-eabi/10.3.1/thumb/v7e-m+fp/hard/crti.o
                0x0000000008006d40                _init
 .init          0x0000000008006d44        0x8 /opt/st/stm32cubeide_1.9.0/plugins/com.st.stm32cube.ide.mcu.externaltools.gnu-tools-for-stm32.10.3-2021.10.linux64_1.0.0.202111181127/tools/bin/../lib/gcc/arm-none-eabi/10.3.1/thumb/v7e-m+fp/hard/crtn.o
 *(.fini)
 .fini          0x0000000008006d4c        0x4 /opt/st/stm32cubeide_1.9.0/plugins/com.st.stm32cube.ide.mcu.externaltools.gnu-tools-for-stm32.10.3-2021.10.linux64_1.0.0.202111181127/tools/bin/../lib/gcc/arm-none-eabi/10.3.1/thumb/v7e-m+fp/hard/crti.o
                0x0000000008006d4c                _fini
 .fini          0x0000000008006d50        0x8 /opt/st/stm32cubeide_1.9.0/plugins/com.st.stm32cube.ide.mcu.externaltools.gnu-tools-for-stm32.10.3-2021.10.linux64_1.0.0.202111181127/tools/bin/../lib/gcc/arm-none-eabi/10.3.1/thumb/v7e-m+fp/hard/crtn.o
                0x0000000008006d58                . = ALIGN (0x4)
                0x0000000008006d58                _etext = .

.vfp11_veneer   0x0000000008006d58        0x0
 .vfp11_veneer  0x0000000008006d58        0x0 linker stubs

.v4_bx          0x0000000008006d58        0x0
 .v4_bx         0x0000000008006d58        0x0 linker stubs

.iplt           0x0000000008006d58        0x0
 .iplt          0x0000000008006d58        0x0 /opt/st/stm32cubeide_1.9.0/plugins/com.st.stm32cube.ide.mcu.externaltools.gnu-tools-for-stm32.10.3-2021.10.linux64_1.0.0.202111181127/tools/bin/../lib/gcc/arm-none-eabi/10.3.1/thumb/v7e-m+fp/hard/crtbegin.o

.rodata         0x0000000008006d58      0x10c
                0x0000000008006d58                . = ALIGN (0x4)
 *(.rodata)
 .rodata        0x0000000008006d58        0xd ./Core/Src/main.o
 *fill*         0x0000000008006d65        0x3 
 .rodata        0x0000000008006d68       0x44 ./Middlewares/Third_Party/FatFs/src/ff.o
 *(.rodata*)
 .rodata.AHBPrescTable
                0x0000000008006dac       0x10 ./Core/Src/system_stm32f3xx.o
                0x0000000008006dac                AHBPrescTable
 .rodata.APBPrescTable
                0x0000000008006dbc        0x8 ./Core/Src/system_stm32f3xx.o
                0x0000000008006dbc                APBPrescTable
 .rodata.aPLLMULFactorTable
                0x0000000008006dc4       0x10 ./Drivers/STM32F3xx_HAL_Driver/Src/stm32f3xx_hal_rcc.o
                0x0000000008006dc4                aPLLMULFactorTable
 .rodata.aPredivFactorTable
                0x0000000008006dd4       0x10 ./Drivers/STM32F3xx_HAL_Driver/Src/stm32f3xx_hal_rcc.o
                0x0000000008006dd4                aPredivFactorTable
 .rodata.ExCvt  0x0000000008006de4       0x80 ./Middlewares/Third_Party/FatFs/src/ff.o
                0x0000000008006e64                . = ALIGN (0x4)

.rel.dyn        0x0000000008006e64        0x0
 .rel.iplt      0x0000000008006e64        0x0 /opt/st/stm32cubeide_1.9.0/plugins/com.st.stm32cube.ide.mcu.externaltools.gnu-tools-for-stm32.10.3-2021.10.linux64_1.0.0.202111181127/tools/bin/../lib/gcc/arm-none-eabi/10.3.1/thumb/v7e-m+fp/hard/crtbegin.o

.ARM.extab      0x0000000008006e64        0x0
                0x0000000008006e64                . = ALIGN (0x4)
 *(.ARM.extab* .gnu.linkonce.armextab.*)
                0x0000000008006e64                . = ALIGN (0x4)

.ARM            0x0000000008006e64        0x0
                0x0000000008006e64                . = ALIGN (0x4)
                0x0000000008006e64                __exidx_start = .
 *(.ARM.exidx*)
                0x0000000008006e64                __exidx_end = .
                0x0000000008006e64                . = ALIGN (0x4)

.preinit_array  0x0000000008006e64        0x0
                0x0000000008006e64                . = ALIGN (0x4)
                0x0000000008006e64                PROVIDE (__preinit_array_start = .)
 *(.preinit_array*)
                0x0000000008006e64                PROVIDE (__preinit_array_end = .)
                0x0000000008006e64                . = ALIGN (0x4)

.init_array     0x0000000008006e64        0x4
                0x0000000008006e64                . = ALIGN (0x4)
                0x0000000008006e64                PROVIDE (__init_array_start = .)
 *(SORT_BY_NAME(.init_array.*))
 *(.init_array*)
 .init_array    0x0000000008006e64        0x4 /opt/st/stm32cubeide_1.9.0/plugins/com.st.stm32cube.ide.mcu.externaltools.gnu-tools-for-stm32.10.3-2021.10.linux64_1.0.0.202111181127/tools/bin/../lib/gcc/arm-none-eabi/10.3.1/thumb/v7e-m+fp/hard/crtbegin.o
                0x0000000008006e68                PROVIDE (__init_array_end = .)
                0x0000000008006e68                . = ALIGN (0x4)

.fini_array     0x0000000008006e68        0x4
                0x0000000008006e68                . = ALIGN (0x4)
                [!provide]                        PROVIDE (__fini_array_start = .)
 *(SORT_BY_NAME(.fini_array.*))
 *(.fini_array*)
 .fini_array    0x0000000008006e68        0x4 /opt/st/stm32cubeide_1.9.0/plugins/com.st.stm32cube.ide.mcu.externaltools.gnu-tools-for-stm32.10.3-2021.10.linux64_1.0.0.202111181127/tools/bin/../lib/gcc/arm-none-eabi/10.3.1/thumb/v7e-m+fp/hard/crtbegin.o
                [!provide]                        PROVIDE (__fini_array_end = .)
                0x0000000008006e6c                . = ALIGN (0x4)
                0x0000000008006e6c                _sidata = LOADADDR (.data)

.data           0x0000000020000000       0x24 load address 0x0000000008006e6c
                0x0000000020000000                . = ALIGN (0x4)
                0x0000000020000000                _sdata = .
 *(.data)
 *(.data*)
 .data.SystemCoreClock
                0x0000000020000000        0x4 ./Core/Src/system_stm32f3xx.o
                0x0000000020000000                SystemCoreClock
 .data.uwTickPrio
                0x0000000020000004        0x4 ./Drivers/STM32F3xx_HAL_Driver/Src/stm32f3xx_hal.o
                0x0000000020000004                uwTickPrio
 .data.uwTickFreq
                0x0000000020000008        0x1 ./Drivers/STM32F3xx_HAL_Driver/Src/stm32f3xx_hal.o
                0x0000000020000008                uwTickFreq
 *fill*         0x0000000020000009        0x3 
 .data.USER_Driver
                0x000000002000000c       0x14 ./FATFS/Target/user_diskio.o
                0x000000002000000c                USER_Driver
 .data.Stat     0x0000000020000020        0x1 ./FATFS/Target/user_diskio_spi.o
 *(.RamFunc)
 *(.RamFunc*)
                0x0000000020000024                . = ALIGN (0x4)
 *fill*         0x0000000020000021        0x3 
                0x0000000020000024                _edata = .
                0x0000000008006e90                _siccmram = LOADADDR (.ccmram)

.igot.plt       0x0000000020000024        0x0 load address 0x0000000008006e90
 .igot.plt      0x0000000020000024        0x0 /opt/st/stm32cubeide_1.9.0/plugins/com.st.stm32cube.ide.mcu.externaltools.gnu-tools-for-stm32.10.3-2021.10.linux64_1.0.0.202111181127/tools/bin/../lib/gcc/arm-none-eabi/10.3.1/thumb/v7e-m+fp/hard/crtbegin.o

.ccmram         0x0000000010000000        0x0 load address 0x0000000008006e90
                0x0000000010000000                . = ALIGN (0x4)
                0x0000000010000000                _sccmram = .
 *(.ccmram)
 *(.ccmram*)
                0x0000000010000000                . = ALIGN (0x4)
                0x0000000010000000                _eccmram = .
                0x0000000010000000                . = ALIGN (0x4)

.bss            0x0000000020000024      0x1d0
                0x0000000020000024                _sbss = .
                0x0000000020000024                __bss_start__ = _sbss
 *(.bss)
 .bss           0x0000000020000024       0x1c /opt/st/stm32cubeide_1.9.0/plugins/com.st.stm32cube.ide.mcu.externaltools.gnu-tools-for-stm32.10.3-2021.10.linux64_1.0.0.202111181127/tools/bin/../lib/gcc/arm-none-eabi/10.3.1/thumb/v7e-m+fp/hard/crtbegin.o
 *(.bss*)
 .bss.hspi2     0x0000000020000040       0x64 ./Core/Src/main.o
                0x0000000020000040                hspi2
 .bss.huart2    0x00000000200000a4       0x84 ./Core/Src/main.o
                0x00000000200000a4                huart2
 .bss.huart3    0x0000000020000128       0x84 ./Core/Src/main.o
                0x0000000020000128                huart3
 .bss.state     0x00000000200001ac        0x4 ./Core/Src/main.o
                0x00000000200001ac                state
 .bss.uwTick    0x00000000200001b0        0x4 ./Drivers/STM32F3xx_HAL_Driver/Src/stm32f3xx_hal.o
                0x00000000200001b0                uwTick
 .bss.retUSER   0x00000000200001b4        0x1 ./FATFS/App/fatfs.o
                0x00000000200001b4                retUSER
 *fill*         0x00000000200001b5        0x3 
 .bss.USERPath  0x00000000200001b8        0x4 ./FATFS/App/fatfs.o
                0x00000000200001b8                USERPath
 .bss.CardType  0x00000000200001bc        0x1 ./FATFS/Target/user_diskio_spi.o
 *fill*         0x00000000200001bd        0x3 
 .bss.spiTimerTickStart
                0x00000000200001c0        0x4 ./FATFS/Target/user_diskio_spi.o
                0x00000000200001c0                spiTimerTickStart
 .bss.spiTimerTickDelay
                0x00000000200001c4        0x4 ./FATFS/Target/user_diskio_spi.o
                0x00000000200001c4                spiTimerTickDelay
 .bss.FatFs     0x00000000200001c8        0x4 ./Middlewares/Third_Party/FatFs/src/ff.o
 .bss.Fsid      0x00000000200001cc        0x2 ./Middlewares/Third_Party/FatFs/src/ff.o
 *fill*         0x00000000200001ce        0x2 
 .bss.Files     0x00000000200001d0       0x18 ./Middlewares/Third_Party/FatFs/src/ff.o
 .bss.disk      0x00000000200001e8        0xc ./Middlewares/Third_Party/FatFs/src/ff_gen_drv.o
                0x00000000200001e8                disk
 *(COMMON)
                0x00000000200001f4                . = ALIGN (0x4)
                0x00000000200001f4                _ebss = .
                0x00000000200001f4                __bss_end__ = _ebss

._user_heap_stack
                0x00000000200001f4      0x604
                0x00000000200001f8                . = ALIGN (0x8)
 *fill*         0x00000000200001f4        0x4 
                [!provide]                        PROVIDE (end = .)
                0x00000000200001f8                PROVIDE (_end = .)
                0x00000000200003f8                . = (. + _Min_Heap_Size)
 *fill*         0x00000000200001f8      0x200 
                0x00000000200007f8                . = (. + _Min_Stack_Size)
 *fill*         0x00000000200003f8      0x400 
                0x00000000200007f8                . = ALIGN (0x8)

/DISCARD/
 libc.a(*)
 libm.a(*)
 libgcc.a(*)

.ARM.attributes
                0x0000000000000000       0x30
 *(.ARM.attributes)
 .ARM.attributes
                0x0000000000000000       0x1e /opt/st/stm32cubeide_1.9.0/plugins/com.st.stm32cube.ide.mcu.externaltools.gnu-tools-for-stm32.10.3-2021.10.linux64_1.0.0.202111181127/tools/bin/../lib/gcc/arm-none-eabi/10.3.1/thumb/v7e-m+fp/hard/crti.o
 .ARM.attributes
                0x000000000000001e       0x34 /opt/st/stm32cubeide_1.9.0/plugins/com.st.stm32cube.ide.mcu.externaltools.gnu-tools-for-stm32.10.3-2021.10.linux64_1.0.0.202111181127/tools/bin/../lib/gcc/arm-none-eabi/10.3.1/thumb/v7e-m+fp/hard/crtbegin.o
 .ARM.attributes
                0x0000000000000052       0x34 ./Core/Src/main.o
 .ARM.attributes
                0x0000000000000086       0x34 ./Core/Src/stm32f3xx_hal_msp.o
 .ARM.attributes
                0x00000000000000ba       0x34 ./Core/Src/stm32f3xx_it.o
 .ARM.attributes
                0x00000000000000ee       0x34 ./Core/Src/system_stm32f3xx.o
 .ARM.attributes
                0x0000000000000122       0x21 ./Core/Startup/startup_stm32f303retx.o
 .ARM.attributes
                0x0000000000000143       0x34 ./Drivers/STM32F3xx_HAL_Driver/Src/stm32f3xx_hal.o
 .ARM.attributes
                0x0000000000000177       0x34 ./Drivers/STM32F3xx_HAL_Driver/Src/stm32f3xx_hal_cortex.o
 .ARM.attributes
                0x00000000000001ab       0x34 ./Drivers/STM32F3xx_HAL_Driver/Src/stm32f3xx_hal_gpio.o
 .ARM.attributes
                0x00000000000001df       0x34 ./Drivers/STM32F3xx_HAL_Driver/Src/stm32f3xx_hal_rcc.o
 .ARM.attributes
                0x0000000000000213       0x34 ./Drivers/STM32F3xx_HAL_Driver/Src/stm32f3xx_hal_rcc_ex.o
 .ARM.attributes
                0x0000000000000247       0x34 ./Drivers/STM32F3xx_HAL_Driver/Src/stm32f3xx_hal_spi.o
 .ARM.attributes
                0x000000000000027b       0x34 ./Drivers/STM32F3xx_HAL_Driver/Src/stm32f3xx_hal_uart.o
 .ARM.attributes
                0x00000000000002af       0x34 ./FATFS/App/fatfs.o
 .ARM.attributes
                0x00000000000002e3       0x34 ./FATFS/Target/user_diskio.o
 .ARM.attributes
                0x0000000000000317       0x34 ./FATFS/Target/user_diskio_spi.o
 .ARM.attributes
                0x000000000000034b       0x34 ./Middlewares/Third_Party/FatFs/src/diskio.o
 .ARM.attributes
                0x000000000000037f       0x34 ./Middlewares/Third_Party/FatFs/src/ff.o
 .ARM.attributes
                0x00000000000003b3       0x34 ./Middlewares/Third_Party/FatFs/src/ff_gen_drv.o
 .ARM.attributes
                0x00000000000003e7       0x34 /opt/st/stm32cubeide_1.9.0/plugins/com.st.stm32cube.ide.mcu.externaltools.gnu-tools-for-stm32.10.3-2021.10.linux64_1.0.0.202111181127/tools/bin/../lib/gcc/arm-none-eabi/10.3.1/../../../../arm-none-eabi/lib/thumb/v7e-m+fp/hard/libc_nano.a(lib_a-init.o)
 .ARM.attributes
                0x000000000000041b       0x34 /opt/st/stm32cubeide_1.9.0/plugins/com.st.stm32cube.ide.mcu.externaltools.gnu-tools-for-stm32.10.3-2021.10.linux64_1.0.0.202111181127/tools/bin/../lib/gcc/arm-none-eabi/10.3.1/../../../../arm-none-eabi/lib/thumb/v7e-m+fp/hard/libc_nano.a(lib_a-memset.o)
 .ARM.attributes
                0x000000000000044f       0x1e /opt/st/stm32cubeide_1.9.0/plugins/com.st.stm32cube.ide.mcu.externaltools.gnu-tools-for-stm32.10.3-2021.10.linux64_1.0.0.202111181127/tools/bin/../lib/gcc/arm-none-eabi/10.3.1/thumb/v7e-m+fp/hard/crtn.o
OUTPUT(Tractian.elf elf32-littlearm)
LOAD linker stubs
LOAD /opt/st/stm32cubeide_1.9.0/plugins/com.st.stm32cube.ide.mcu.externaltools.gnu-tools-for-stm32.10.3-2021.10.linux64_1.0.0.202111181127/tools/bin/../lib/gcc/arm-none-eabi/10.3.1/../../../../arm-none-eabi/lib/thumb/v7e-m+fp/hard/libc.a
LOAD /opt/st/stm32cubeide_1.9.0/plugins/com.st.stm32cube.ide.mcu.externaltools.gnu-tools-for-stm32.10.3-2021.10.linux64_1.0.0.202111181127/tools/bin/../lib/gcc/arm-none-eabi/10.3.1/../../../../arm-none-eabi/lib/thumb/v7e-m+fp/hard/libm.a
LOAD /opt/st/stm32cubeide_1.9.0/plugins/com.st.stm32cube.ide.mcu.externaltools.gnu-tools-for-stm32.10.3-2021.10.linux64_1.0.0.202111181127/tools/bin/../lib/gcc/arm-none-eabi/10.3.1/thumb/v7e-m+fp/hard/libgcc.a

.debug_info     0x0000000000000000     0xf2c2
 .debug_info    0x0000000000000000     0x14e9 ./Core/Src/main.o
 .debug_info    0x00000000000014e9      0xcbb ./Core/Src/stm32f3xx_hal_msp.o
 .debug_info    0x00000000000021a4      0x122 ./Core/Src/stm32f3xx_it.o
 .debug_info    0x00000000000022c6      0x416 ./Core/Src/system_stm32f3xx.o
 .debug_info    0x00000000000026dc       0x22 ./Core/Startup/startup_stm32f303retx.o
 .debug_info    0x00000000000026fe      0x837 ./Drivers/STM32F3xx_HAL_Driver/Src/stm32f3xx_hal.o
 .debug_info    0x0000000000002f35      0xdb5 ./Drivers/STM32F3xx_HAL_Driver/Src/stm32f3xx_hal_cortex.o
 .debug_info    0x0000000000003cea      0x74e ./Drivers/STM32F3xx_HAL_Driver/Src/stm32f3xx_hal_gpio.o
 .debug_info    0x0000000000004438     0x1597 ./Drivers/STM32F3xx_HAL_Driver/Src/stm32f3xx_hal_rcc.o
 .debug_info    0x00000000000059cf      0x67f ./Drivers/STM32F3xx_HAL_Driver/Src/stm32f3xx_hal_rcc_ex.o
 .debug_info    0x000000000000604e     0x178c ./Drivers/STM32F3xx_HAL_Driver/Src/stm32f3xx_hal_spi.o
 .debug_info    0x00000000000077da     0x3ad3 ./Drivers/STM32F3xx_HAL_Driver/Src/stm32f3xx_hal_uart.o
 .debug_info    0x000000000000b2ad      0x51e ./FATFS/App/fatfs.o
 .debug_info    0x000000000000b7cb      0x3d2 ./FATFS/Target/user_diskio.o
 .debug_info    0x000000000000bb9d      0xc9c ./FATFS/Target/user_diskio_spi.o
 .debug_info    0x000000000000c839      0x40d ./Middlewares/Third_Party/FatFs/src/diskio.o
 .debug_info    0x000000000000cc46     0x22d8 ./Middlewares/Third_Party/FatFs/src/ff.o
 .debug_info    0x000000000000ef1e      0x3a4 ./Middlewares/Third_Party/FatFs/src/ff_gen_drv.o

.debug_abbrev   0x0000000000000000     0x232f
 .debug_abbrev  0x0000000000000000      0x319 ./Core/Src/main.o
 .debug_abbrev  0x0000000000000319      0x194 ./Core/Src/stm32f3xx_hal_msp.o
 .debug_abbrev  0x00000000000004ad       0x74 ./Core/Src/stm32f3xx_it.o
 .debug_abbrev  0x0000000000000521      0x116 ./Core/Src/system_stm32f3xx.o
 .debug_abbrev  0x0000000000000637       0x12 ./Core/Startup/startup_stm32f303retx.o
 .debug_abbrev  0x0000000000000649      0x20e ./Drivers/STM32F3xx_HAL_Driver/Src/stm32f3xx_hal.o
 .debug_abbrev  0x0000000000000857      0x316 ./Drivers/STM32F3xx_HAL_Driver/Src/stm32f3xx_hal_cortex.o
 .debug_abbrev  0x0000000000000b6d      0x1bb ./Drivers/STM32F3xx_HAL_Driver/Src/stm32f3xx_hal_gpio.o
 .debug_abbrev  0x0000000000000d28      0x30c ./Drivers/STM32F3xx_HAL_Driver/Src/stm32f3xx_hal_rcc.o
 .debug_abbrev  0x0000000000001034      0x239 ./Drivers/STM32F3xx_HAL_Driver/Src/stm32f3xx_hal_rcc_ex.o
 .debug_abbrev  0x000000000000126d      0x254 ./Drivers/STM32F3xx_HAL_Driver/Src/stm32f3xx_hal_spi.o
 .debug_abbrev  0x00000000000014c1      0x2bc ./Drivers/STM32F3xx_HAL_Driver/Src/stm32f3xx_hal_uart.o
 .debug_abbrev  0x000000000000177d      0x19a ./FATFS/App/fatfs.o
 .debug_abbrev  0x0000000000001917      0x13f ./FATFS/Target/user_diskio.o
 .debug_abbrev  0x0000000000001a56      0x306 ./FATFS/Target/user_diskio_spi.o
 .debug_abbrev  0x0000000000001d5c      0x178 ./Middlewares/Third_Party/FatFs/src/diskio.o
 .debug_abbrev  0x0000000000001ed4      0x2c5 ./Middlewares/Third_Party/FatFs/src/ff.o
 .debug_abbrev  0x0000000000002199      0x196 ./Middlewares/Third_Party/FatFs/src/ff_gen_drv.o

.debug_aranges  0x0000000000000000      0xbc8
 .debug_aranges
                0x0000000000000000       0x58 ./Core/Src/main.o
 .debug_aranges
                0x0000000000000058       0x40 ./Core/Src/stm32f3xx_hal_msp.o
 .debug_aranges
                0x0000000000000098       0x60 ./Core/Src/stm32f3xx_it.o
 .debug_aranges
                0x00000000000000f8       0x28 ./Core/Src/system_stm32f3xx.o
 .debug_aranges
                0x0000000000000120       0x28 ./Core/Startup/startup_stm32f303retx.o
 .debug_aranges
                0x0000000000000148       0xe0 ./Drivers/STM32F3xx_HAL_Driver/Src/stm32f3xx_hal.o
 .debug_aranges
                0x0000000000000228      0x118 ./Drivers/STM32F3xx_HAL_Driver/Src/stm32f3xx_hal_cortex.o
 .debug_aranges
                0x0000000000000340       0x58 ./Drivers/STM32F3xx_HAL_Driver/Src/stm32f3xx_hal_gpio.o
 .debug_aranges
                0x0000000000000398       0x88 ./Drivers/STM32F3xx_HAL_Driver/Src/stm32f3xx_hal_rcc.o
 .debug_aranges
                0x0000000000000420       0x38 ./Drivers/STM32F3xx_HAL_Driver/Src/stm32f3xx_hal_rcc_ex.o
 .debug_aranges
                0x0000000000000458      0x1d8 ./Drivers/STM32F3xx_HAL_Driver/Src/stm32f3xx_hal_spi.o
 .debug_aranges
                0x0000000000000630      0x228 ./Drivers/STM32F3xx_HAL_Driver/Src/stm32f3xx_hal_uart.o
 .debug_aranges
                0x0000000000000858       0x28 ./FATFS/App/fatfs.o
 .debug_aranges
                0x0000000000000880       0x40 ./FATFS/Target/user_diskio.o
 .debug_aranges
                0x00000000000008c0       0x98 ./FATFS/Target/user_diskio_spi.o
 .debug_aranges
                0x0000000000000958       0x48 ./Middlewares/Third_Party/FatFs/src/diskio.o
 .debug_aranges
                0x00000000000009a0      0x1e8 ./Middlewares/Third_Party/FatFs/src/ff.o
 .debug_aranges
                0x0000000000000b88       0x40 ./Middlewares/Third_Party/FatFs/src/ff_gen_drv.o

.debug_ranges   0x0000000000000000      0xae0
 .debug_ranges  0x0000000000000000       0x48 ./Core/Src/main.o
 .debug_ranges  0x0000000000000048       0x30 ./Core/Src/stm32f3xx_hal_msp.o
 .debug_ranges  0x0000000000000078       0x50 ./Core/Src/stm32f3xx_it.o
 .debug_ranges  0x00000000000000c8       0x18 ./Core/Src/system_stm32f3xx.o
 .debug_ranges  0x00000000000000e0       0x20 ./Core/Startup/startup_stm32f303retx.o
 .debug_ranges  0x0000000000000100       0xd0 ./Drivers/STM32F3xx_HAL_Driver/Src/stm32f3xx_hal.o
 .debug_ranges  0x00000000000001d0      0x108 ./Drivers/STM32F3xx_HAL_Driver/Src/stm32f3xx_hal_cortex.o
 .debug_ranges  0x00000000000002d8       0x48 ./Drivers/STM32F3xx_HAL_Driver/Src/stm32f3xx_hal_gpio.o
 .debug_ranges  0x0000000000000320       0x78 ./Drivers/STM32F3xx_HAL_Driver/Src/stm32f3xx_hal_rcc.o
 .debug_ranges  0x0000000000000398       0x28 ./Drivers/STM32F3xx_HAL_Driver/Src/stm32f3xx_hal_rcc_ex.o
 .debug_ranges  0x00000000000003c0      0x1c8 ./Drivers/STM32F3xx_HAL_Driver/Src/stm32f3xx_hal_spi.o
 .debug_ranges  0x0000000000000588      0x248 ./Drivers/STM32F3xx_HAL_Driver/Src/stm32f3xx_hal_uart.o
 .debug_ranges  0x00000000000007d0       0x18 ./FATFS/App/fatfs.o
 .debug_ranges  0x00000000000007e8       0x30 ./FATFS/Target/user_diskio.o
 .debug_ranges  0x0000000000000818       0x88 ./FATFS/Target/user_diskio_spi.o
 .debug_ranges  0x00000000000008a0       0x38 ./Middlewares/Third_Party/FatFs/src/diskio.o
 .debug_ranges  0x00000000000008d8      0x1d8 ./Middlewares/Third_Party/FatFs/src/ff.o
 .debug_ranges  0x0000000000000ab0       0x30 ./Middlewares/Third_Party/FatFs/src/ff_gen_drv.o

.debug_macro    0x0000000000000000    0x208f3
 .debug_macro   0x0000000000000000      0x234 ./Core/Src/main.o
 .debug_macro   0x0000000000000234      0xa78 ./Core/Src/main.o
 .debug_macro   0x0000000000000cac      0x157 ./Core/Src/main.o
 .debug_macro   0x0000000000000e03       0x2e ./Core/Src/main.o
 .debug_macro   0x0000000000000e31       0x28 ./Core/Src/main.o
 .debug_macro   0x0000000000000e59       0x22 ./Core/Src/main.o
 .debug_macro   0x0000000000000e7b       0x8e ./Core/Src/main.o
 .debug_macro   0x0000000000000f09       0x51 ./Core/Src/main.o
 .debug_macro   0x0000000000000f5a      0x103 ./Core/Src/main.o
 .debug_macro   0x000000000000105d       0x6a ./Core/Src/main.o
 .debug_macro   0x00000000000010c7      0x1df ./Core/Src/main.o
 .debug_macro   0x00000000000012a6       0x1c ./Core/Src/main.o
 .debug_macro   0x00000000000012c2       0x22 ./Core/Src/main.o
 .debug_macro   0x00000000000012e4       0xd9 ./Core/Src/main.o
 .debug_macro   0x00000000000013bd     0x102d ./Core/Src/main.o
 .debug_macro   0x00000000000023ea      0x11f ./Core/Src/main.o
 .debug_macro   0x0000000000002509    0x1535a ./Core/Src/main.o
 .debug_macro   0x0000000000017863       0x6d ./Core/Src/main.o
 .debug_macro   0x00000000000178d0     0x3540 ./Core/Src/main.o
 .debug_macro   0x000000000001ae10      0x174 ./Core/Src/main.o
 .debug_macro   0x000000000001af84       0x55 ./Core/Src/main.o
 .debug_macro   0x000000000001afd9      0x954 ./Core/Src/main.o
 .debug_macro   0x000000000001b92d      0x84a ./Core/Src/main.o
 .debug_macro   0x000000000001c177      0x1b6 ./Core/Src/main.o
 .debug_macro   0x000000000001c32d      0x23a ./Core/Src/main.o
 .debug_macro   0x000000000001c567      0x1ea ./Core/Src/main.o
 .debug_macro   0x000000000001c751      0x1bc ./Core/Src/main.o
 .debug_macro   0x000000000001c90d       0x30 ./Core/Src/main.o
 .debug_macro   0x000000000001c93d       0x3c ./Core/Src/main.o
 .debug_macro   0x000000000001c979      0x236 ./Core/Src/main.o
 .debug_macro   0x000000000001cbaf       0xc5 ./Core/Src/main.o
 .debug_macro   0x000000000001cc74      0x21d ./Core/Src/main.o
 .debug_macro   0x000000000001ce91      0x22c ./Core/Src/main.o
 .debug_macro   0x000000000001d0bd       0x5b ./Core/Src/main.o
 .debug_macro   0x000000000001d118       0xa5 ./Core/Src/main.o
 .debug_macro   0x000000000001d1bd       0x81 ./Core/Src/main.o
 .debug_macro   0x000000000001d23e       0xd3 ./Core/Src/main.o
 .debug_macro   0x000000000001d311      0x2fe ./Core/Src/main.o
 .debug_macro   0x000000000001d60f      0x5a5 ./Core/Src/main.o
 .debug_macro   0x000000000001dbb4       0x44 ./Core/Src/main.o
 .debug_macro   0x000000000001dbf8      0x347 ./Core/Src/main.o
 .debug_macro   0x000000000001df3f       0x94 ./Core/Src/main.o
 .debug_macro   0x000000000001dfd3       0xde ./Core/Src/main.o
 .debug_macro   0x000000000001e0b1       0xf5 ./Core/Src/main.o
 .debug_macro   0x000000000001e1a6       0x8e ./Core/Src/main.o
 .debug_macro   0x000000000001e234      0x1e7 ./Core/Src/stm32f3xx_hal_msp.o
 .debug_macro   0x000000000001e41b      0x1f1 ./Core/Src/stm32f3xx_it.o
 .debug_macro   0x000000000001e60c      0x1d8 ./Core/Src/system_stm32f3xx.o
 .debug_macro   0x000000000001e7e4      0x1fc ./Drivers/STM32F3xx_HAL_Driver/Src/stm32f3xx_hal.o
 .debug_macro   0x000000000001e9e0      0x1d8 ./Drivers/STM32F3xx_HAL_Driver/Src/stm32f3xx_hal_cortex.o
 .debug_macro   0x000000000001ebb8      0x1df ./Drivers/STM32F3xx_HAL_Driver/Src/stm32f3xx_hal_gpio.o
 .debug_macro   0x000000000001ed97      0x1fc ./Drivers/STM32F3xx_HAL_Driver/Src/stm32f3xx_hal_rcc.o
 .debug_macro   0x000000000001ef93      0x1d8 ./Drivers/STM32F3xx_HAL_Driver/Src/stm32f3xx_hal_rcc_ex.o
 .debug_macro   0x000000000001f16b      0x1e0 ./Drivers/STM32F3xx_HAL_Driver/Src/stm32f3xx_hal_spi.o
 .debug_macro   0x000000000001f34b      0x1f5 ./Drivers/STM32F3xx_HAL_Driver/Src/stm32f3xx_hal_uart.o
 .debug_macro   0x000000000001f540      0x23a ./FATFS/App/fatfs.o
 .debug_macro   0x000000000001f77a       0xd8 ./FATFS/App/fatfs.o
 .debug_macro   0x000000000001f852      0x301 ./FATFS/Target/user_diskio.o
 .debug_macro   0x000000000001fb53       0x10 ./FATFS/Target/user_diskio.o
 .debug_macro   0x000000000001fb63       0x20 ./FATFS/Target/user_diskio.o
 .debug_macro   0x000000000001fb83       0x16 ./FATFS/Target/user_diskio.o
 .debug_macro   0x000000000001fb99       0x7c ./FATFS/Target/user_diskio.o
 .debug_macro   0x000000000001fc15       0x4f ./FATFS/Target/user_diskio.o
 .debug_macro   0x000000000001fc64      0x2e1 ./FATFS/Target/user_diskio_spi.o
 .debug_macro   0x000000000001ff45       0x9a ./FATFS/Target/user_diskio_spi.o
 .debug_macro   0x000000000001ffdf      0x227 ./Middlewares/Third_Party/FatFs/src/diskio.o
 .debug_macro   0x0000000000020206      0x46e ./Middlewares/Third_Party/FatFs/src/ff.o
 .debug_macro   0x0000000000020674       0x58 ./Middlewares/Third_Party/FatFs/src/ff.o
 .debug_macro   0x00000000000206cc      0x227 ./Middlewares/Third_Party/FatFs/src/ff_gen_drv.o

.debug_line     0x0000000000000000    0x1100b
 .debug_line    0x0000000000000000      0x964 ./Core/Src/main.o
 .debug_line    0x0000000000000964      0x78b ./Core/Src/stm32f3xx_hal_msp.o
 .debug_line    0x00000000000010ef      0x781 ./Core/Src/stm32f3xx_it.o
 .debug_line    0x0000000000001870      0x73a ./Core/Src/system_stm32f3xx.o
 .debug_line    0x0000000000001faa       0x88 ./Core/Startup/startup_stm32f303retx.o
 .debug_line    0x0000000000002032      0x96a ./Drivers/STM32F3xx_HAL_Driver/Src/stm32f3xx_hal.o
 .debug_line    0x000000000000299c      0xc2f ./Drivers/STM32F3xx_HAL_Driver/Src/stm32f3xx_hal_cortex.o
 .debug_line    0x00000000000035cb      0xaf3 ./Drivers/STM32F3xx_HAL_Driver/Src/stm32f3xx_hal_gpio.o
 .debug_line    0x00000000000040be     0x135f ./Drivers/STM32F3xx_HAL_Driver/Src/stm32f3xx_hal_rcc.o
 .debug_line    0x000000000000541d      0xe86 ./Drivers/STM32F3xx_HAL_Driver/Src/stm32f3xx_hal_rcc_ex.o
 .debug_line    0x00000000000062a3     0x1ee5 ./Drivers/STM32F3xx_HAL_Driver/Src/stm32f3xx_hal_spi.o
 .debug_line    0x0000000000008188     0x30fc ./Drivers/STM32F3xx_HAL_Driver/Src/stm32f3xx_hal_uart.o
 .debug_line    0x000000000000b284      0x75a ./FATFS/App/fatfs.o
 .debug_line    0x000000000000b9de      0x8e6 ./FATFS/Target/user_diskio.o
 .debug_line    0x000000000000c2c4      0xe2d ./FATFS/Target/user_diskio_spi.o
 .debug_line    0x000000000000d0f1      0x7ca ./Middlewares/Third_Party/FatFs/src/diskio.o
 .debug_line    0x000000000000d8bb     0x2f69 ./Middlewares/Third_Party/FatFs/src/ff.o
 .debug_line    0x0000000000010824      0x7e7 ./Middlewares/Third_Party/FatFs/src/ff_gen_drv.o

.debug_str      0x0000000000000000    0xc2d77
 .debug_str     0x0000000000000000    0xbccc7 ./Core/Src/main.o
                                      0xbd418 (size before relaxing)
 .debug_str     0x00000000000bccc7       0xaa ./Core/Src/stm32f3xx_hal_msp.o
                                      0xbc657 (size before relaxing)
 .debug_str     0x00000000000bcd71       0xc9 ./Core/Src/stm32f3xx_it.o
                                      0xbbfe7 (size before relaxing)
 .debug_str     0x00000000000bce3a       0xe9 ./Core/Src/system_stm32f3xx.o
                                      0xbbecf (size before relaxing)
 .debug_str     0x00000000000bcf23       0x36 ./Core/Startup/startup_stm32f303retx.o
                                         0x70 (size before relaxing)
 .debug_str     0x00000000000bcf59      0x6f6 ./Drivers/STM32F3xx_HAL_Driver/Src/stm32f3xx_hal.o
                                      0xbc778 (size before relaxing)
 .debug_str     0x00000000000bd64f      0x36c ./Drivers/STM32F3xx_HAL_Driver/Src/stm32f3xx_hal_cortex.o
                                      0xbc7ca (size before relaxing)
 .debug_str     0x00000000000bd9bb      0x172 ./Drivers/STM32F3xx_HAL_Driver/Src/stm32f3xx_hal_gpio.o
                                      0xbc0b4 (size before relaxing)
 .debug_str     0x00000000000bdb2d      0x2dd ./Drivers/STM32F3xx_HAL_Driver/Src/stm32f3xx_hal_rcc.o
                                      0xbc373 (size before relaxing)
 .debug_str     0x00000000000bde0a       0xbe ./Drivers/STM32F3xx_HAL_Driver/Src/stm32f3xx_hal_rcc_ex.o
                                      0xbc1bd (size before relaxing)
 .debug_str     0x00000000000bdec8      0x5b7 ./Drivers/STM32F3xx_HAL_Driver/Src/stm32f3xx_hal_spi.o
                                      0xbc7f5 (size before relaxing)
 .debug_str     0x00000000000be47f      0x851 ./Drivers/STM32F3xx_HAL_Driver/Src/stm32f3xx_hal_uart.o
                                      0xbcbca (size before relaxing)
 .debug_str     0x00000000000becd0       0xf1 ./FATFS/App/fatfs.o
                                      0xbc889 (size before relaxing)
 .debug_str     0x00000000000bedc1     0x2ef6 ./FATFS/Target/user_diskio.o
                                      0xbf63d (size before relaxing)
 .debug_str     0x00000000000c1cb7      0x3b7 ./FATFS/Target/user_diskio_spi.o
                                      0xbcffa (size before relaxing)
 .debug_str     0x00000000000c206e       0x52 ./Middlewares/Third_Party/FatFs/src/diskio.o
                                      0xbc7b5 (size before relaxing)
 .debug_str     0x00000000000c20c0      0xc26 ./Middlewares/Third_Party/FatFs/src/ff.o
                                      0xbd5e0 (size before relaxing)
 .debug_str     0x00000000000c2ce6       0x91 ./Middlewares/Third_Party/FatFs/src/ff_gen_drv.o
                                      0xbc806 (size before relaxing)

.comment        0x0000000000000000       0x50
 .comment       0x0000000000000000       0x50 ./Core/Src/main.o
                                         0x51 (size before relaxing)
 .comment       0x0000000000000050       0x51 ./Core/Src/stm32f3xx_hal_msp.o
 .comment       0x0000000000000050       0x51 ./Core/Src/stm32f3xx_it.o
 .comment       0x0000000000000050       0x51 ./Core/Src/system_stm32f3xx.o
 .comment       0x0000000000000050       0x51 ./Drivers/STM32F3xx_HAL_Driver/Src/stm32f3xx_hal.o
 .comment       0x0000000000000050       0x51 ./Drivers/STM32F3xx_HAL_Driver/Src/stm32f3xx_hal_cortex.o
 .comment       0x0000000000000050       0x51 ./Drivers/STM32F3xx_HAL_Driver/Src/stm32f3xx_hal_gpio.o
 .comment       0x0000000000000050       0x51 ./Drivers/STM32F3xx_HAL_Driver/Src/stm32f3xx_hal_rcc.o
 .comment       0x0000000000000050       0x51 ./Drivers/STM32F3xx_HAL_Driver/Src/stm32f3xx_hal_rcc_ex.o
 .comment       0x0000000000000050       0x51 ./Drivers/STM32F3xx_HAL_Driver/Src/stm32f3xx_hal_spi.o
 .comment       0x0000000000000050       0x51 ./Drivers/STM32F3xx_HAL_Driver/Src/stm32f3xx_hal_uart.o
 .comment       0x0000000000000050       0x51 ./FATFS/App/fatfs.o
 .comment       0x0000000000000050       0x51 ./FATFS/Target/user_diskio.o
 .comment       0x0000000000000050       0x51 ./FATFS/Target/user_diskio_spi.o
 .comment       0x0000000000000050       0x51 ./Middlewares/Third_Party/FatFs/src/diskio.o
 .comment       0x0000000000000050       0x51 ./Middlewares/Third_Party/FatFs/src/ff.o
 .comment       0x0000000000000050       0x51 ./Middlewares/Third_Party/FatFs/src/ff_gen_drv.o

.debug_frame    0x0000000000000000     0x2f80
 .debug_frame   0x0000000000000000      0x110 ./Core/Src/main.o
 .debug_frame   0x0000000000000110       0xc4 ./Core/Src/stm32f3xx_hal_msp.o
 .debug_frame   0x00000000000001d4      0x104 ./Core/Src/stm32f3xx_it.o
 .debug_frame   0x00000000000002d8       0x58 ./Core/Src/system_stm32f3xx.o
 .debug_frame   0x0000000000000330      0x334 ./Drivers/STM32F3xx_HAL_Driver/Src/stm32f3xx_hal.o
 .debug_frame   0x0000000000000664      0x498 ./Drivers/STM32F3xx_HAL_Driver/Src/stm32f3xx_hal_cortex.o
 .debug_frame   0x0000000000000afc      0x14c ./Drivers/STM32F3xx_HAL_Driver/Src/stm32f3xx_hal_gpio.o
 .debug_frame   0x0000000000000c48      0x214 ./Drivers/STM32F3xx_HAL_Driver/Src/stm32f3xx_hal_rcc.o
 .debug_frame   0x0000000000000e5c       0xb4 ./Drivers/STM32F3xx_HAL_Driver/Src/stm32f3xx_hal_rcc_ex.o
 .debug_frame   0x0000000000000f10      0x860 ./Drivers/STM32F3xx_HAL_Driver/Src/stm32f3xx_hal_spi.o
 .debug_frame   0x0000000000001770      0x9e8 ./Drivers/STM32F3xx_HAL_Driver/Src/stm32f3xx_hal_uart.o
 .debug_frame   0x0000000000002158       0x4c ./FATFS/App/fatfs.o
 .debug_frame   0x00000000000021a4       0xc4 ./FATFS/Target/user_diskio.o
 .debug_frame   0x0000000000002268      0x248 ./FATFS/Target/user_diskio_spi.o
 .debug_frame   0x00000000000024b0       0xec ./Middlewares/Third_Party/FatFs/src/diskio.o
 .debug_frame   0x000000000000259c      0x8d0 ./Middlewares/Third_Party/FatFs/src/ff.o
 .debug_frame   0x0000000000002e6c       0xc8 ./Middlewares/Third_Party/FatFs/src/ff_gen_drv.o
 .debug_frame   0x0000000000002f34       0x2c /opt/st/stm32cubeide_1.9.0/plugins/com.st.stm32cube.ide.mcu.externaltools.gnu-tools-for-stm32.10.3-2021.10.linux64_1.0.0.202111181127/tools/bin/../lib/gcc/arm-none-eabi/10.3.1/../../../../arm-none-eabi/lib/thumb/v7e-m+fp/hard/libc_nano.a(lib_a-init.o)
 .debug_frame   0x0000000000002f60       0x20 /opt/st/stm32cubeide_1.9.0/plugins/com.st.stm32cube.ide.mcu.externaltools.gnu-tools-for-stm32.10.3-2021.10.linux64_1.0.0.202111181127/tools/bin/../lib/gcc/arm-none-eabi/10.3.1/../../../../arm-none-eabi/lib/thumb/v7e-m+fp/hard/libc_nano.a(lib_a-memset.o)
